# NOTE: log filtered for publication - only Xray core startup and WireGuard transport/handshake events are kept; all per-connection application traffic records were removed.
Xray 26.3.27 (Xray, Penetrates Everything.) d2758a0 (go1.26.1 linux/amd64)
A unified platform for anti-censorship.
2026/09/16 02:07:48.649915 [Info] infra/conf/serial: Reading config: &{Name:<tmp>/warp-noobf.json Format:json}
2026/09/16 02:07:48.651818 [Debug] app/log: Logger started
2026/09/16 02:07:48.652899 [Info] app/dns: DNS: created UDP client initialized for 1.1.1.1:53
2026/09/16 02:07:48.653687 [Info] app/dns: DNS: created UDP client initialized for 1.0.0.1:53
2026/09/16 02:07:48.654415 [Info] app/dns: DNS: created UDP client initialized for [2606:4700:4700::1111]:53
2026/09/16 02:07:48.654923 [Info] app/dns: DNS: created UDP client initialized for [2606:4700:4700::1001]:53
2026/09/16 02:07:48.655499 [Debug] app/proxyman/inbound: creating stream worker on 127.0.0.1:10818
2026/09/16 02:07:48.655526 [Debug] app/proxyman/inbound: creating stream worker on 127.0.0.1:10819
2026/09/16 02:07:48.655602 [Info] transport/internet/tcp: listening TCP on 127.0.0.1:10818
2026/09/16 02:07:48.655665 [Info] transport/internet/udp: listening UDP on 127.0.0.1:10818
2026/09/16 02:07:48.655717 [Info] transport/internet/tcp: listening TCP on 127.0.0.1:10819
2026/09/16 02:07:48.655739 [Warning] core: Xray 26.3.27 started
2026/09/16 02:07:53.659713 [Warning] proxy/wireguard: Using gVisor TUN. Kernel TUN is not supported on your OS, or your permission is insufficient.
2026/09/16 02:07:53.660075 [Debug] UAPI: Updating private key
2026/09/16 02:07:53.660126 [Debug] Routine: encryption worker 4 - started
2026/09/16 02:07:53.660136 [Debug] Routine: encryption worker 1 - started
2026/09/16 02:07:53.660141 [Debug] Routine: decryption worker 1 - started
2026/09/16 02:07:53.660146 [Debug] Routine: handshake worker 1 - started
2026/09/16 02:07:53.660150 [Debug] Routine: encryption worker 11 - started
2026/09/16 02:07:53.660152 [Debug] Routine: encryption worker 10 - started
2026/09/16 02:07:53.660155 [Debug] Routine: encryption worker 2 - started
2026/09/16 02:07:53.660157 [Debug] Routine: decryption worker 2 - started
2026/09/16 02:07:53.660160 [Debug] Routine: handshake worker 2 - started
2026/09/16 02:07:53.660163 [Debug] Routine: handshake worker 8 - started
2026/09/16 02:07:53.660166 [Debug] Routine: encryption worker 3 - started
2026/09/16 02:07:53.660168 [Debug] Routine: decryption worker 4 - started
2026/09/16 02:07:53.660170 [Debug] Routine: handshake worker 4 - started
2026/09/16 02:07:53.660171 [Debug] Routine: encryption worker 7 - started
2026/09/16 02:07:53.660173 [Debug] Routine: handshake worker 9 - started
2026/09/16 02:07:53.660175 [Debug] Routine: encryption worker 9 - started
2026/09/16 02:07:53.660177 [Debug] peer(bmXO…fgyo) - UAPI: Created
2026/09/16 02:07:53.660179 [Debug] peer(bmXO…fgyo) - UAPI: Updating endpoint
2026/09/16 02:07:53.660181 [Debug] Routine: decryption worker 9 - started
2026/09/16 02:07:53.660183 [Debug] peer(bmXO…fgyo) - UAPI: Adding allowedip
2026/09/16 02:07:53.660185 [Debug] peer(bmXO…fgyo) - UAPI: Adding allowedip
2026/09/16 02:07:53.660187 [Debug] Routine: encryption worker 8 - started
2026/09/16 02:07:53.660191 [Debug] proxy/wireguard: bind closed
2026/09/16 02:07:53.660193 [Debug] proxy/wireguard: bind opened
2026/09/16 02:07:53.660195 [Debug] UDP bind has been updated
2026/09/16 02:07:53.660197 [Debug] peer(bmXO…fgyo) - Starting
2026/09/16 02:07:53.660201 [Debug] Routine: handshake worker 7 - started
2026/09/16 02:07:53.660203 [Debug] Routine: decryption worker 8 - started
2026/09/16 02:07:53.660243 [Debug] Routine: receive incoming Open - started
2026/09/16 02:07:53.660251 [Debug] Routine: decryption worker 11 - started
2026/09/16 02:07:53.660253 [Debug] Routine: handshake worker 11 - started
2026/09/16 02:07:53.660256 [Debug] Routine: encryption worker 12 - started
2026/09/16 02:07:53.660258 [Debug] Routine: handshake worker 10 - started
2026/09/16 02:07:53.660260 [Debug] Routine: decryption worker 12 - started
2026/09/16 02:07:53.660266 [Debug] transport/internet/udp: dispatch request to: udp:1.1.1.1:53
2026/09/16 02:07:53.660269 [Debug] Routine: handshake worker 6 - started
2026/09/16 02:07:53.660271 [Debug] Routine: decryption worker 7 - started
2026/09/16 02:07:53.660273 [Info] transport/internet/udp: establishing new connection for udp:1.1.1.1:53
2026/09/16 02:07:53.660275 [Debug] Routine: handshake worker 12 - started
2026/09/16 02:07:53.660277 [Debug] Routine: receive incoming Open - started
2026/09/16 02:07:53.660279 [Debug] Routine: encryption worker 5 - started
2026/09/16 02:07:53.660281 [Debug] Routine: receive incoming Open - started
2026/09/16 02:07:53.660283 [Debug] Routine: decryption worker 5 - started
2026/09/16 02:07:53.660285 [Debug] transport/internet/udp: dispatch request to: udp:1.1.1.1:53
2026/09/16 02:07:53.660288 [Debug] Routine: handshake worker 5 - started
2026/09/16 02:07:53.660290 [Debug] Routine: receive incoming Open - started
2026/09/16 02:07:53.660292 [Debug] Routine: encryption worker 6 - started
2026/09/16 02:07:53.660294 [Debug] Routine: receive incoming Open - started
2026/09/16 02:07:53.660296 [Debug] Routine: receive incoming Open - started
2026/09/16 02:07:53.660298 [Debug] Routine: decryption worker 6 - started
2026/09/16 02:07:53.660301 [Debug] Routine: receive incoming Open - started
2026/09/16 02:07:53.660303 [Debug] Routine: decryption worker 3 - started
2026/09/16 02:07:53.660305 [Debug] Routine: receive incoming Open - started
2026/09/16 02:07:53.660307 [Debug] Routine: TUN reader - started
2026/09/16 02:07:53.660310 [Debug] Routine: receive incoming Open - started
2026/09/16 02:07:53.660312 [Debug] peer(bmXO…fgyo) - Routine: sequential sender - started
2026/09/16 02:07:53.660315 [Debug] peer(bmXO…fgyo) - Routine: sequential receiver - started
2026/09/16 02:07:53.660317 [Debug] Routine: receive incoming Open - started
2026/09/16 02:07:53.660319 [Debug] Routine: event worker - started
2026/09/16 02:07:53.660321 [Debug] Interface up requested
2026/09/16 02:07:53.660323 [Debug] Routine: receive incoming Open - started
2026/09/16 02:07:53.660326 [Debug] Routine: receive incoming Open - started
2026/09/16 02:07:53.660373 [Debug] Routine: handshake worker 3 - started
2026/09/16 02:07:53.660395 [Debug] Routine: decryption worker 10 - started
2026/09/16 02:07:53.660810 [Debug] peer(bmXO…fgyo) - Sending handshake initiation
2026/09/16 02:07:53.661057 [Debug] [4106840852] transport/internet: dialing to udp:8.6.112.7:946
2026/09/16 02:07:53.755851 [Debug] peer(bmXO…fgyo) - Received handshake response
2026/09/16 02:08:08.937761 [Debug] peer(bmXO…fgyo) - Retrying handshake because we stopped hearing back after 15 seconds
2026/09/16 02:08:08.937793 [Debug] peer(bmXO…fgyo) - Sending handshake initiation
2026/09/16 02:08:14.239195 [Debug] peer(bmXO…fgyo) - Handshake did not complete after 5 seconds, retrying (try 2)
2026/09/16 02:08:14.239236 [Debug] peer(bmXO…fgyo) - Sending handshake initiation
2026/09/16 02:08:19.407279 [Debug] peer(bmXO…fgyo) - Handshake did not complete after 5 seconds, retrying (try 3)
2026/09/16 02:08:19.407320 [Debug] peer(bmXO…fgyo) - Sending handshake initiation
2026/09/16 02:08:23.690019 [Debug] transport/internet/udp: dispatch request to: udp:1.1.1.1:53
2026/09/16 02:08:23.690024 [Debug] transport/internet/udp: dispatch request to: udp:1.1.1.1:53
2026/09/16 02:08:24.486307 [Debug] peer(bmXO…fgyo) - Handshake did not complete after 5 seconds, retrying (try 4)
2026/09/16 02:08:24.486336 [Debug] peer(bmXO…fgyo) - Sending handshake initiation
2026/09/16 02:08:24.961245 [Debug] peer(bmXO…fgyo) - Retrying handshake because we stopped hearing back after 15 seconds
2026/09/16 02:08:27.690350 [Debug] transport/internet/udp: dispatch request to: udp:1.0.0.1:53
2026/09/16 02:08:27.690373 [Info] transport/internet/udp: establishing new connection for udp:1.0.0.1:53
2026/09/16 02:08:27.690376 [Debug] transport/internet/udp: dispatch request to: udp:1.0.0.1:53
2026/09/16 02:08:29.739500 [Debug] peer(bmXO…fgyo) - Handshake did not complete after 5 seconds, retrying (try 2)
2026/09/16 02:08:29.739541 [Debug] peer(bmXO…fgyo) - Sending handshake initiation
2026/09/16 02:08:31.691327 [Debug] transport/internet/udp: dispatch request to: udp:[2606:4700:4700::1111]:53
2026/09/16 02:08:31.691331 [Info] transport/internet/udp: establishing new connection for udp:[2606:4700:4700::1111]:53
2026/09/16 02:08:31.691333 [Debug] transport/internet/udp: dispatch request to: udp:[2606:4700:4700::1111]:53
2026/09/16 02:08:34.912244 [Debug] peer(bmXO…fgyo) - Handshake did not complete after 5 seconds, retrying (try 3)
2026/09/16 02:08:34.912292 [Debug] peer(bmXO…fgyo) - Sending handshake initiation
2026/09/16 02:08:35.692408 [Debug] transport/internet/udp: dispatch request to: udp:[2606:4700:4700::1001]:53
2026/09/16 02:08:35.692426 [Info] transport/internet/udp: establishing new connection for udp:[2606:4700:4700::1001]:53
2026/09/16 02:08:35.692434 [Debug] transport/internet/udp: dispatch request to: udp:[2606:4700:4700::1001]:53
2026/09/16 02:08:38.705714 [Debug] transport/internet/udp: dispatch request to: udp:1.1.1.1:53
2026/09/16 02:08:38.705723 [Debug] transport/internet/udp: dispatch request to: udp:1.1.1.1:53
2026/09/16 02:08:39.692589 [Info] [1122017112] app/proxyman/outbound: app/proxyman/outbound: failed to process outbound traffic > proxy/wireguard: failed to lookup DNS > app/dns: returning nil for domain www.cloudflare.com > app/dns: record not found
2026/09/16 02:08:39.970894 [Debug] peer(bmXO…fgyo) - Handshake did not complete after 5 seconds, retrying (try 4)
2026/09/16 02:08:39.970925 [Debug] peer(bmXO…fgyo) - Sending handshake initiation
2026/09/16 02:08:42.707327 [Debug] transport/internet/udp: dispatch request to: udp:1.0.0.1:53
2026/09/16 02:08:42.707332 [Debug] transport/internet/udp: dispatch request to: udp:1.0.0.1:53
2026/09/16 02:08:42.713206 [Debug] peer(bmXO…fgyo) - Retrying handshake because we stopped hearing back after 15 seconds
2026/09/16 02:08:44.981353 [Debug] peer(bmXO…fgyo) - Handshake did not complete after 5 seconds, retrying (try 2)
2026/09/16 02:08:44.981388 [Debug] peer(bmXO…fgyo) - Sending handshake initiation
2026/09/16 02:08:46.708303 [Debug] transport/internet/udp: dispatch request to: udp:[2606:4700:4700::1111]:53
2026/09/16 02:08:46.708308 [Debug] transport/internet/udp: dispatch request to: udp:[2606:4700:4700::1111]:53
2026/09/16 02:08:50.306371 [Debug] peer(bmXO…fgyo) - Handshake did not complete after 5 seconds, retrying (try 3)
2026/09/16 02:08:50.306409 [Debug] peer(bmXO…fgyo) - Sending handshake initiation
2026/09/16 02:08:50.709262 [Debug] transport/internet/udp: dispatch request to: udp:[2606:4700:4700::1001]:53
2026/09/16 02:08:50.709270 [Debug] transport/internet/udp: dispatch request to: udp:[2606:4700:4700::1001]:53
2026/09/16 02:08:53.736628 [Debug] app/log: Logger closing
