# NOTE: log filtered for publication — only Xray startup and WireGuard transport/handshake events are kept.
# Variant 3: QUIC I1 из ok-1180 + 4xrand40-70  | 8.6.112.7:946    | MTU 1420 | ключ p1Fqp  [КЛЮЧЕВОЙ]
Xray 26.3.27 (Xray, Penetrates Everything.) d2758a0 (go1.26.1 linux/amd64)
A unified platform for anti-censorship.
2026/09/16 12:10:23.074644 [Info] infra/conf/serial: Reading config: &{Name:/tmp/mgf-3.json Format:json}
2026/09/16 12:10:23.075838 [Debug] app/log: Logger started
2026/09/16 12:10:23.078522 [Info] transport/internet/tcp: listening TCP on 127.0.0.1:10808
2026/09/16 12:10:23.078693 [Info] transport/internet/udp: listening UDP on 127.0.0.1:10808
2026/09/16 12:10:23.078703 [Warning] core: Xray 26.3.27 started
2026/09/16 12:10:27.081516 [Warning] proxy/wireguard: Using gVisor TUN. Kernel TUN is not supported on your OS, or your permission is insufficient.
2026/09/16 12:10:27.081978 [Debug] UAPI: Updating private key
2026/09/16 12:10:27.081987 [Debug] Routine: decryption worker 6 - started
2026/09/16 12:10:27.081989 [Debug] Routine: encryption worker 10 - started
2026/09/16 12:10:27.081990 [Debug] Routine: handshake worker 6 - started
2026/09/16 12:10:27.081990 [Debug] Routine: encryption worker 7 - started
2026/09/16 12:10:27.081991 [Debug] Routine: encryption worker 1 - started
2026/09/16 12:10:27.081992 [Debug] Routine: decryption worker 1 - started
2026/09/16 12:10:27.081993 [Debug] Routine: decryption worker 7 - started
2026/09/16 12:10:27.081993 [Debug] Routine: handshake worker 1 - started
2026/09/16 12:10:27.081995 [Debug] Routine: encryption worker 2 - started
2026/09/16 12:10:27.081996 [Debug] Routine: decryption worker 2 - started
2026/09/16 12:10:27.081997 [Debug] Routine: handshake worker 2 - started
2026/09/16 12:10:27.081997 [Debug] Routine: handshake worker 7 - started
2026/09/16 12:10:27.081998 [Debug] Routine: encryption worker 3 - started
2026/09/16 12:10:27.081999 [Debug] Routine: encryption worker 8 - started
2026/09/16 12:10:27.082000 [Debug] Routine: decryption worker 3 - started
2026/09/16 12:10:27.082000 [Debug] Routine: decryption worker 8 - started
2026/09/16 12:10:27.082001 [Debug] Routine: handshake worker 3 - started
2026/09/16 12:10:27.082002 [Debug] Routine: handshake worker 8 - started
2026/09/16 12:10:27.082002 [Debug] Routine: encryption worker 4 - started
2026/09/16 12:10:27.082003 [Debug] Routine: encryption worker 9 - started
2026/09/16 12:10:27.082004 [Debug] Routine: decryption worker 4 - started
2026/09/16 12:10:27.082004 [Debug] Routine: decryption worker 9 - started
2026/09/16 12:10:27.082005 [Debug] Routine: handshake worker 4 - started
2026/09/16 12:10:27.082006 [Debug] Routine: handshake worker 9 - started
2026/09/16 12:10:27.082008 [Debug] Routine: encryption worker 5 - started
2026/09/16 12:10:27.082009 [Debug] Routine: handshake worker 5 - started
2026/09/16 12:10:27.082011 [Debug] Routine: encryption worker 6 - started
2026/09/16 12:10:27.082012 [Debug] Routine: decryption worker 5 - started
2026/09/16 12:10:27.082013 [Debug] Routine: handshake worker 10 - started
2026/09/16 12:10:27.082014 [Debug] Routine: decryption worker 10 - started
2026/09/16 12:10:27.082015 [Debug] Routine: handshake worker 11 - started
2026/09/16 12:10:27.082016 [Debug] Routine: handshake worker 12 - started
2026/09/16 12:10:27.082018 [Debug] Routine: encryption worker 11 - started
2026/09/16 12:10:27.082019 [Debug] Routine: decryption worker 11 - started
2026/09/16 12:10:27.082020 [Debug] Routine: decryption worker 12 - started
2026/09/16 12:10:27.082020 [Debug] Routine: event worker - started
2026/09/16 12:10:27.082025 [Debug] Interface up requested
2026/09/16 12:10:27.082026 [Debug] Routine: encryption worker 12 - started
2026/09/16 12:10:27.082027 [Debug] proxy/wireguard: bind closed
2026/09/16 12:10:27.082028 [Debug] proxy/wireguard: bind opened
2026/09/16 12:10:27.082029 [Debug] Routine: TUN reader - started
2026/09/16 12:10:27.082098 [Debug] peer(bmXO…fgyo) - UAPI: Created
2026/09/16 12:10:27.082100 [Debug] peer(bmXO…fgyo) - UAPI: Updating endpoint
2026/09/16 12:10:27.082103 [Debug] peer(bmXO…fgyo) - UAPI: Adding allowedip
2026/09/16 12:10:27.082104 [Debug] peer(bmXO…fgyo) - UAPI: Adding allowedip
2026/09/16 12:10:27.082108 [Debug] peer(bmXO…fgyo) - UAPI: Updating persistent keepalive interval
2026/09/16 12:10:27.082109 [Debug] peer(bmXO…fgyo) - Starting
2026/09/16 12:10:27.082110 [Debug] peer(bmXO…fgyo) - Sending keepalive packet
2026/09/16 12:10:27.082111 [Debug] peer(bmXO…fgyo) - Sending handshake initiation
2026/09/16 12:10:27.082113 [Debug] peer(bmXO…fgyo) - Routine: sequential sender - started
2026/09/16 12:10:27.082125 [Debug] Routine: receive incoming Open - started
2026/09/16 12:10:27.082129 [Debug] Routine: receive incoming Open - started
2026/09/16 12:10:27.082130 [Debug] Routine: receive incoming Open - started
2026/09/16 12:10:27.082132 [Debug] Routine: receive incoming Open - started
2026/09/16 12:10:27.082134 [Debug] Routine: receive incoming Open - started
2026/09/16 12:10:27.082140 [Debug] Routine: receive incoming Open - started
2026/09/16 12:10:27.082144 [Debug] Routine: receive incoming Open - started
2026/09/16 12:10:27.082145 [Debug] Routine: receive incoming Open - started
2026/09/16 12:10:27.082157 [Debug] Routine: receive incoming Open - started
2026/09/16 12:10:27.082167 [Debug] Routine: receive incoming Open - started
2026/09/16 12:10:27.082169 [Debug] Routine: receive incoming Open - started
2026/09/16 12:10:27.082171 [Debug] Routine: receive incoming Open - started
2026/09/16 12:10:27.082220 [Debug] peer(bmXO…fgyo) - Routine: sequential receiver - started
2026/09/16 12:10:27.082372 [Debug] Interface state was Down, requested Up, now Up
2026/09/16 12:10:27.184170 [Debug] peer(bmXO…fgyo) - Received handshake response
2026/09/16 12:10:50.406462 [Debug] peer(bmXO…fgyo) - Sending keepalive packet
2026/09/16 12:10:51.110950 [Debug] app/log: Logger closing
