# NOTE: log filtered for publication — only Xray startup and WireGuard transport/handshake events are kept.
# Variant 10: 8xrand23-911 БЕЗ hex              | 162.159.192.1:500 | MTU 1280 | ключ IFkdR
Xray 26.3.27 (Xray, Penetrates Everything.) d2758a0 (go1.26.1 linux/amd64)
A unified platform for anti-censorship.
2026/09/16 12:12:50.158481 [Info] infra/conf/serial: Reading config: &{Name:/tmp/mgf-10.json Format:json}
2026/09/16 12:12:50.159527 [Debug] app/log: Logger started
2026/09/16 12:12:50.161934 [Info] transport/internet/tcp: listening TCP on 127.0.0.1:10808
2026/09/16 12:12:50.161945 [Info] transport/internet/udp: listening UDP on 127.0.0.1:10808
2026/09/16 12:12:50.161949 [Warning] core: Xray 26.3.27 started
2026/09/16 12:12:54.162720 [Warning] proxy/wireguard: Using gVisor TUN. Kernel TUN is not supported on your OS, or your permission is insufficient.
2026/09/16 12:12:54.163132 [Debug] UAPI: Updating private key
2026/09/16 12:12:54.163136 [Debug] Routine: decryption worker 6 - started
2026/09/16 12:12:54.163138 [Debug] Routine: decryption worker 5 - started
2026/09/16 12:12:54.163139 [Debug] Routine: encryption worker 6 - started
2026/09/16 12:12:54.163140 [Debug] Routine: handshake worker 4 - started
2026/09/16 12:12:54.163141 [Debug] Routine: encryption worker 5 - started
2026/09/16 12:12:54.163142 [Debug] Routine: decryption worker 3 - started
2026/09/16 12:12:54.163143 [Debug] Routine: encryption worker 1 - started
2026/09/16 12:12:54.163144 [Debug] Routine: encryption worker 3 - started
2026/09/16 12:12:54.163145 [Debug] Routine: handshake worker 2 - started
2026/09/16 12:12:54.163146 [Debug] Routine: handshake worker 11 - started
2026/09/16 12:12:54.163149 [Debug] Routine: decryption worker 10 - started
2026/09/16 12:12:54.163150 [Debug] Routine: decryption worker 1 - started
2026/09/16 12:12:54.163151 [Debug] Routine: handshake worker 10 - started
2026/09/16 12:12:54.163152 [Debug] Routine: encryption worker 11 - started
2026/09/16 12:12:54.163153 [Debug] Routine: handshake worker 1 - started
2026/09/16 12:12:54.163154 [Debug] Routine: handshake worker 12 - started
2026/09/16 12:12:54.163155 [Debug] Routine: decryption worker 11 - started
2026/09/16 12:12:54.163156 [Debug] Routine: encryption worker 2 - started
2026/09/16 12:12:54.163157 [Debug] Routine: decryption worker 12 - started
2026/09/16 12:12:54.163159 [Debug] Routine: encryption worker 12 - started
2026/09/16 12:12:54.163160 [Debug] Routine: decryption worker 4 - started
2026/09/16 12:12:54.163162 [Debug] Routine: event worker - started
2026/09/16 12:12:54.163164 [Debug] Interface up requested
2026/09/16 12:12:54.163166 [Debug] Routine: decryption worker 2 - started
2026/09/16 12:12:54.163168 [Debug] Routine: TUN reader - started
2026/09/16 12:12:54.163169 [Debug] Routine: handshake worker 3 - started
2026/09/16 12:12:54.163170 [Debug] Routine: encryption worker 4 - started
2026/09/16 12:12:54.163171 [Debug] Routine: handshake worker 8 - started
2026/09/16 12:12:54.163172 [Debug] Routine: encryption worker 8 - started
2026/09/16 12:12:54.163173 [Debug] Routine: decryption worker 8 - started
2026/09/16 12:12:54.163174 [Debug] Routine: encryption worker 10 - started
2026/09/16 12:12:54.163175 [Debug] Routine: encryption worker 7 - started
2026/09/16 12:12:54.163177 [Debug] proxy/wireguard: bind closed
2026/09/16 12:12:54.163178 [Debug] Routine: decryption worker 7 - started
2026/09/16 12:12:54.163179 [Debug] Routine: handshake worker 7 - started
2026/09/16 12:12:54.163180 [Debug] Routine: handshake worker 6 - started
2026/09/16 12:12:54.163186 [Debug] Routine: decryption worker 9 - started
2026/09/16 12:12:54.163188 [Debug] proxy/wireguard: bind opened
2026/09/16 12:12:54.163188 [Debug] Routine: handshake worker 5 - started
2026/09/16 12:12:54.163189 [Debug] Routine: handshake worker 9 - started
2026/09/16 12:12:54.163190 [Debug] Routine: encryption worker 9 - started
2026/09/16 12:12:54.163191 [Debug] peer(bmXO…fgyo) - UAPI: Created
2026/09/16 12:12:54.163192 [Debug] peer(bmXO…fgyo) - UAPI: Updating endpoint
2026/09/16 12:12:54.163193 [Debug] peer(bmXO…fgyo) - UAPI: Adding allowedip
2026/09/16 12:12:54.163195 [Debug] peer(bmXO…fgyo) - UAPI: Adding allowedip
2026/09/16 12:12:54.163196 [Debug] peer(bmXO…fgyo) - UAPI: Updating persistent keepalive interval
2026/09/16 12:12:54.163196 [Debug] peer(bmXO…fgyo) - Starting
2026/09/16 12:12:54.163198 [Debug] peer(bmXO…fgyo) - Sending keepalive packet
2026/09/16 12:12:54.163199 [Debug] peer(bmXO…fgyo) - Sending handshake initiation
2026/09/16 12:12:54.163199 [Debug] peer(bmXO…fgyo) - Routine: sequential sender - started
2026/09/16 12:12:54.163201 [Debug] Routine: receive incoming Open - started
2026/09/16 12:12:54.163209 [Debug] Routine: receive incoming Open - started
2026/09/16 12:12:54.163211 [Debug] Routine: receive incoming Open - started
2026/09/16 12:12:54.163213 [Debug] Routine: receive incoming Open - started
2026/09/16 12:12:54.163215 [Debug] Routine: receive incoming Open - started
2026/09/16 12:12:54.163215 [Debug] Routine: receive incoming Open - started
2026/09/16 12:12:54.163216 [Debug] Routine: receive incoming Open - started
2026/09/16 12:12:54.163217 [Debug] Routine: receive incoming Open - started
2026/09/16 12:12:54.163218 [Debug] Routine: receive incoming Open - started
2026/09/16 12:12:54.163218 [Debug] Routine: receive incoming Open - started
2026/09/16 12:12:54.163219 [Debug] Routine: receive incoming Open - started
2026/09/16 12:12:54.163220 [Debug] Routine: receive incoming Open - started
2026/09/16 12:12:54.163220 [Debug] peer(bmXO…fgyo) - Routine: sequential receiver - started
2026/09/16 12:12:54.163503 [Debug] Interface state was Down, requested Up, now Up
2026/09/16 12:12:54.337335 [Debug] peer(bmXO…fgyo) - Received handshake response
2026/09/16 12:13:09.391407 [Debug] peer(bmXO…fgyo) - Retrying handshake because we stopped hearing back after 15 seconds
2026/09/16 12:13:09.391417 [Debug] peer(bmXO…fgyo) - Sending handshake initiation
2026/09/16 12:13:10.203739 [Debug] app/log: Logger closing
