# NOTE: log filtered for publication — only Xray startup and WireGuard transport/handshake events are kept.
# Variant 4: SIP I1+I2 (RFC3261) + 4xrand40-70 | 8.34.146.7:1180  | MTU 1420 | ключ p1Fqp
Xray 26.3.27 (Xray, Penetrates Everything.) d2758a0 (go1.26.1 linux/amd64)
A unified platform for anti-censorship.
2026/09/16 12:10:51.441746 [Info] infra/conf/serial: Reading config: &{Name:/tmp/mgf-4.json Format:json}
2026/09/16 12:10:51.442682 [Debug] app/log: Logger started
2026/09/16 12:10:51.445051 [Info] transport/internet/tcp: listening TCP on 127.0.0.1:10808
2026/09/16 12:10:51.445113 [Info] transport/internet/udp: listening UDP on 127.0.0.1:10808
2026/09/16 12:10:51.445224 [Warning] core: Xray 26.3.27 started
2026/09/16 12:10:55.447726 [Warning] proxy/wireguard: Using gVisor TUN. Kernel TUN is not supported on your OS, or your permission is insufficient.
2026/09/16 12:10:55.448005 [Debug] Routine: encryption worker 1 - started
2026/09/16 12:10:55.448008 [Debug] UAPI: Updating private key
2026/09/16 12:10:55.448017 [Debug] Routine: encryption worker 7 - started
2026/09/16 12:10:55.448026 [Debug] Routine: decryption worker 1 - started
2026/09/16 12:10:55.448036 [Debug] Routine: handshake worker 1 - started
2026/09/16 12:10:55.448043 [Debug] Routine: encryption worker 6 - started
2026/09/16 12:10:55.448050 [Debug] Routine: decryption worker 6 - started
2026/09/16 12:10:55.448061 [Debug] Routine: handshake worker 5 - started
2026/09/16 12:10:55.448078 [Debug] Routine: handshake worker 6 - started
2026/09/16 12:10:55.448082 [Debug] Routine: encryption worker 10 - started
2026/09/16 12:10:55.448084 [Debug] Routine: decryption worker 7 - started
2026/09/16 12:10:55.448086 [Debug] Routine: decryption worker 4 - started
2026/09/16 12:10:55.448089 [Debug] Routine: handshake worker 7 - started
2026/09/16 12:10:55.448090 [Debug] Routine: encryption worker 8 - started
2026/09/16 12:10:55.448092 [Debug] Routine: encryption worker 3 - started
2026/09/16 12:10:55.448094 [Debug] Routine: decryption worker 3 - started
2026/09/16 12:10:55.448095 [Debug] Routine: decryption worker 8 - started
2026/09/16 12:10:55.448097 [Debug] Routine: handshake worker 3 - started
2026/09/16 12:10:55.448098 [Debug] Routine: handshake worker 2 - started
2026/09/16 12:10:55.448101 [Debug] Routine: handshake worker 8 - started
2026/09/16 12:10:55.448104 [Debug] Routine: encryption worker 4 - started
2026/09/16 12:10:55.448106 [Debug] Routine: encryption worker 5 - started
2026/09/16 12:10:55.448109 [Debug] Routine: encryption worker 9 - started
2026/09/16 12:10:55.448111 [Debug] Routine: handshake worker 11 - started
2026/09/16 12:10:55.448114 [Debug] Routine: handshake worker 4 - started
2026/09/16 12:10:55.448116 [Debug] Routine: decryption worker 9 - started
2026/09/16 12:10:55.448119 [Debug] Routine: decryption worker 10 - started
2026/09/16 12:10:55.448120 [Debug] Routine: encryption worker 11 - started
2026/09/16 12:10:55.448121 [Debug] Routine: handshake worker 9 - started
2026/09/16 12:10:55.448123 [Debug] Routine: handshake worker 10 - started
2026/09/16 12:10:55.448124 [Debug] Routine: decryption worker 11 - started
2026/09/16 12:10:55.448126 [Debug] Routine: decryption worker 5 - started
2026/09/16 12:10:55.448127 [Debug] Routine: handshake worker 12 - started
2026/09/16 12:10:55.448129 [Debug] Routine: encryption worker 2 - started
2026/09/16 12:10:55.448130 [Debug] Routine: encryption worker 12 - started
2026/09/16 12:10:55.448132 [Debug] Routine: decryption worker 2 - started
2026/09/16 12:10:55.448133 [Debug] Routine: TUN reader - started
2026/09/16 12:10:55.448140 [Debug] Routine: decryption worker 12 - started
2026/09/16 12:10:55.448189 [Debug] Routine: event worker - started
2026/09/16 12:10:55.448196 [Debug] Interface up requested
2026/09/16 12:10:55.448197 [Debug] proxy/wireguard: bind closed
2026/09/16 12:10:55.448199 [Debug] proxy/wireguard: bind opened
2026/09/16 12:10:55.448381 [Debug] peer(bmXO…fgyo) - UAPI: Created
2026/09/16 12:10:55.448385 [Debug] peer(bmXO…fgyo) - UAPI: Updating endpoint
2026/09/16 12:10:55.448386 [Debug] peer(bmXO…fgyo) - UAPI: Adding allowedip
2026/09/16 12:10:55.448388 [Debug] peer(bmXO…fgyo) - UAPI: Adding allowedip
2026/09/16 12:10:55.448389 [Debug] peer(bmXO…fgyo) - UAPI: Updating persistent keepalive interval
2026/09/16 12:10:55.448390 [Debug] peer(bmXO…fgyo) - Starting
2026/09/16 12:10:55.448392 [Debug] peer(bmXO…fgyo) - Sending keepalive packet
2026/09/16 12:10:55.448393 [Debug] peer(bmXO…fgyo) - Sending handshake initiation
2026/09/16 12:10:55.448394 [Debug] peer(bmXO…fgyo) - Routine: sequential sender - started
2026/09/16 12:10:55.448408 [Debug] Routine: receive incoming Open - started
2026/09/16 12:10:55.448411 [Debug] Routine: receive incoming Open - started
2026/09/16 12:10:55.448412 [Debug] Routine: receive incoming Open - started
2026/09/16 12:10:55.448417 [Debug] Routine: receive incoming Open - started
2026/09/16 12:10:55.448419 [Debug] Routine: receive incoming Open - started
2026/09/16 12:10:55.448424 [Debug] Routine: receive incoming Open - started
2026/09/16 12:10:55.448425 [Debug] Routine: receive incoming Open - started
2026/09/16 12:10:55.448429 [Debug] Routine: receive incoming Open - started
2026/09/16 12:10:55.448431 [Debug] Routine: receive incoming Open - started
2026/09/16 12:10:55.448433 [Debug] Routine: receive incoming Open - started
2026/09/16 12:10:55.448441 [Debug] Routine: receive incoming Open - started
2026/09/16 12:10:55.448443 [Debug] Routine: receive incoming Open - started
2026/09/16 12:10:55.448500 [Debug] peer(bmXO…fgyo) - Routine: sequential receiver - started
2026/09/16 12:10:55.448709 [Debug] Interface state was Down, requested Up, now Up
2026/09/16 12:10:55.554539 [Debug] peer(bmXO…fgyo) - Received handshake response
2026/09/16 12:11:10.678434 [Debug] peer(bmXO…fgyo) - Retrying handshake because we stopped hearing back after 15 seconds
2026/09/16 12:11:10.678444 [Debug] peer(bmXO…fgyo) - Sending handshake initiation
2026/09/16 12:11:11.487794 [Debug] app/log: Logger closing
