2026/09/16 22:35:22.636899 [Info] infra/conf/serial: Reading config: &{Name:/tmp/prof-gen-quic.json Format:json}
2026/09/16 22:35:22.637970 [Debug] app/log: Logger started
2026/09/16 22:35:22.642084 [Info] transport/internet/tcp: listening TCP on 127.0.0.1:10808
2026/09/16 22:35:22.642105 [Info] transport/internet/udp: listening UDP on 127.0.0.1:10808
2026/09/16 22:35:22.642122 [Info] transport/internet/tcp: listening TCP on 127.0.0.1:10809
2026/09/16 22:35:22.642176 [Warning] core: Xray 26.3.27 started
2026/09/16 22:35:27.638427 [Warning] proxy/wireguard: Using gVisor TUN. Kernel TUN is not supported on your OS, or your permission is insufficient.
2026/09/16 22:35:27.638802 [Debug] UAPI: Updating private key
2026/09/16 22:35:27.638807 [Debug] Routine: decryption worker 6 - started
2026/09/16 22:35:27.638808 [Debug] Routine: encryption worker 10 - started
2026/09/16 22:35:27.638808 [Debug] Routine: encryption worker 1 - started
2026/09/16 22:35:27.638809 [Debug] Routine: decryption worker 1 - started
2026/09/16 22:35:27.638810 [Debug] Routine: handshake worker 6 - started
2026/09/16 22:35:27.638810 [Debug] Routine: handshake worker 1 - started
2026/09/16 22:35:27.638811 [Debug] Routine: encryption worker 2 - started
2026/09/16 22:35:27.638812 [Debug] Routine: decryption worker 2 - started
2026/09/16 22:35:27.638812 [Debug] Routine: encryption worker 7 - started
2026/09/16 22:35:27.638813 [Debug] Routine: handshake worker 2 - started
2026/09/16 22:35:27.638814 [Debug] Routine: decryption worker 7 - started
2026/09/16 22:35:27.638814 [Debug] Routine: handshake worker 7 - started
2026/09/16 22:35:27.638815 [Debug] Routine: encryption worker 3 - started
2026/09/16 22:35:27.638815 [Debug] Routine: encryption worker 8 - started
2026/09/16 22:35:27.638816 [Debug] Routine: decryption worker 3 - started
2026/09/16 22:35:27.638817 [Debug] Routine: handshake worker 3 - started
2026/09/16 22:35:27.638817 [Debug] Routine: decryption worker 8 - started
2026/09/16 22:35:27.638818 [Debug] Routine: encryption worker 4 - started
2026/09/16 22:35:27.638818 [Debug] Routine: handshake worker 8 - started
2026/09/16 22:35:27.638819 [Debug] Routine: encryption worker 9 - started
2026/09/16 22:35:27.638820 [Debug] Routine: decryption worker 9 - started
2026/09/16 22:35:27.638821 [Debug] Routine: decryption worker 4 - started
2026/09/16 22:35:27.638821 [Debug] Routine: handshake worker 9 - started
2026/09/16 22:35:27.638822 [Debug] Routine: handshake worker 4 - started
2026/09/16 22:35:27.638822 [Debug] Routine: encryption worker 5 - started
2026/09/16 22:35:27.638823 [Debug] Routine: handshake worker 11 - started
2026/09/16 22:35:27.638824 [Debug] Routine: decryption worker 5 - started
2026/09/16 22:35:27.638825 [Debug] Routine: decryption worker 10 - started
2026/09/16 22:35:27.638825 [Debug] Routine: handshake worker 5 - started
2026/09/16 22:35:27.638826 [Debug] Routine: handshake worker 10 - started
2026/09/16 22:35:27.638831 [Debug] Routine: encryption worker 6 - started
2026/09/16 22:35:27.638832 [Debug] Routine: handshake worker 12 - started
2026/09/16 22:35:27.638833 [Debug] Routine: encryption worker 11 - started
2026/09/16 22:35:27.638833 [Debug] Routine: encryption worker 12 - started
2026/09/16 22:35:27.638834 [Debug] Routine: decryption worker 11 - started
2026/09/16 22:35:27.638835 [Debug] Routine: decryption worker 12 - started
2026/09/16 22:35:27.638836 [Debug] Routine: event worker - started
2026/09/16 22:35:27.638837 [Debug] Routine: TUN reader - started
2026/09/16 22:35:27.638838 [Debug] proxy/wireguard: bind closed
2026/09/16 22:35:27.638839 [Debug] proxy/wireguard: bind opened
2026/09/16 22:35:27.639009 [Debug] peer(bmXO…fgyo) - UAPI: Created
2026/09/16 22:35:27.639013 [Debug] peer(bmXO…fgyo) - UAPI: Updating endpoint
2026/09/16 22:35:27.639014 [Debug] peer(bmXO…fgyo) - UAPI: Adding allowedip
2026/09/16 22:35:27.639015 [Debug] peer(bmXO…fgyo) - UAPI: Adding allowedip
2026/09/16 22:35:27.639015 [Debug] peer(bmXO…fgyo) - UAPI: Updating persistent keepalive interval
2026/09/16 22:35:27.639016 [Debug] peer(bmXO…fgyo) - Starting
2026/09/16 22:35:27.639017 [Debug] peer(bmXO…fgyo) - Sending keepalive packet
2026/09/16 22:35:27.639018 [Debug] peer(bmXO…fgyo) - Sending handshake initiation
2026/09/16 22:35:27.639036 [Debug] UDP bind has been updated
2026/09/16 22:35:27.639048 [Debug] Routine: receive incoming Open - started
2026/09/16 22:35:27.639053 [Debug] Routine: receive incoming Open - started
2026/09/16 22:35:27.639061 [Debug] Routine: receive incoming Open - started
2026/09/16 22:35:27.639072 [Debug] Routine: receive incoming Open - started
2026/09/16 22:35:27.639073 [Debug] peer(bmXO…fgyo) - Routine: sequential sender - started
2026/09/16 22:35:27.639078 [Debug] Routine: receive incoming Open - started
2026/09/16 22:35:27.639078 [Debug] Routine: receive incoming Open - started
2026/09/16 22:35:27.639082 [Debug] Routine: receive incoming Open - started
2026/09/16 22:35:27.639086 [Debug] Routine: receive incoming Open - started
2026/09/16 22:35:27.639087 [Debug] Routine: receive incoming Open - started
2026/09/16 22:35:27.639094 [Debug] Routine: receive incoming Open - started
2026/09/16 22:35:27.639115 [Debug] Routine: receive incoming Open - started
2026/09/16 22:35:27.639116 [Debug] Routine: receive incoming Open - started
2026/09/16 22:35:27.639159 [Debug] peer(bmXO…fgyo) - Routine: sequential receiver - started
2026/09/16 22:35:27.639355 [Debug] transport/internet/udp: dispatch request to: udp:1.1.1.1:53
2026/09/16 22:35:27.639356 [Info] transport/internet/udp: establishing new connection for udp:1.1.1.1:53
2026/09/16 22:35:27.639430 [Debug] transport/internet/udp: dispatch request to: udp:1.1.1.1:53
2026/09/16 22:35:27.888230 [Debug] peer(bmXO…fgyo) - Received handshake response
2026/09/16 22:35:28.863787 [Debug] transport/internet/udp: dispatch request to: udp:1.1.1.1:53
2026/09/16 22:35:28.863795 [Debug] transport/internet/udp: dispatch request to: udp:1.1.1.1:53
2026/09/16 22:35:30.724119 [Debug] app/log: Logger closing
