2026/09/16 22:34:53.914225 [Info] infra/conf/serial: Reading config: &{Name:/tmp/prof-ref-quic.json Format:json}
2026/09/16 22:34:53.915247 [Debug] app/log: Logger started
2026/09/16 22:34:53.919308 [Info] transport/internet/tcp: listening TCP on 127.0.0.1:10808
2026/09/16 22:34:53.919372 [Info] transport/internet/udp: listening UDP on 127.0.0.1:10808
2026/09/16 22:34:53.919440 [Info] transport/internet/tcp: listening TCP on 127.0.0.1:10809
2026/09/16 22:34:53.919447 [Warning] core: Xray 26.3.27 started
2026/09/16 22:34:58.916626 [Warning] proxy/wireguard: Using gVisor TUN. Kernel TUN is not supported on your OS, or your permission is insufficient.
2026/09/16 22:34:58.917096 [Debug] UAPI: Updating private key
2026/09/16 22:34:58.917107 [Debug] Routine: handshake worker 2 - started
2026/09/16 22:34:58.917109 [Debug] Routine: decryption worker 6 - started
2026/09/16 22:34:58.917111 [Debug] Routine: encryption worker 3 - started
2026/09/16 22:34:58.917112 [Debug] Routine: decryption worker 3 - started
2026/09/16 22:34:58.917113 [Debug] Routine: encryption worker 1 - started
2026/09/16 22:34:58.917114 [Debug] Routine: decryption worker 1 - started
2026/09/16 22:34:58.917116 [Debug] Routine: handshake worker 1 - started
2026/09/16 22:34:58.917117 [Debug] Routine: encryption worker 2 - started
2026/09/16 22:34:58.917118 [Debug] Routine: handshake worker 3 - started
2026/09/16 22:34:58.917119 [Debug] Routine: decryption worker 2 - started
2026/09/16 22:34:58.917121 [Debug] Routine: encryption worker 4 - started
2026/09/16 22:34:58.917122 [Debug] Routine: handshake worker 11 - started
2026/09/16 22:34:58.917123 [Debug] Routine: decryption worker 4 - started
2026/09/16 22:34:58.917124 [Debug] Routine: decryption worker 10 - started
2026/09/16 22:34:58.917125 [Debug] Routine: handshake worker 4 - started
2026/09/16 22:34:58.917126 [Debug] Routine: handshake worker 10 - started
2026/09/16 22:34:58.917127 [Debug] Routine: encryption worker 5 - started
2026/09/16 22:34:58.917129 [Debug] Routine: encryption worker 6 - started
2026/09/16 22:34:58.917130 [Debug] Routine: TUN reader - started
2026/09/16 22:34:58.917131 [Debug] Routine: handshake worker 5 - started
2026/09/16 22:34:58.917132 [Debug] Routine: decryption worker 5 - started
2026/09/16 22:34:58.917133 [Debug] Routine: event worker - started
2026/09/16 22:34:58.917134 [Debug] Routine: encryption worker 10 - started
2026/09/16 22:34:58.917137 [Debug] Routine: encryption worker 8 - started
2026/09/16 22:34:58.917138 [Debug] Routine: encryption worker 11 - started
2026/09/16 22:34:58.917139 [Debug] Routine: handshake worker 6 - started
2026/09/16 22:34:58.917140 [Debug] Routine: decryption worker 8 - started
2026/09/16 22:34:58.917141 [Debug] Routine: handshake worker 7 - started
2026/09/16 22:34:58.917142 [Debug] Routine: encryption worker 9 - started
2026/09/16 22:34:58.917150 [Debug] Routine: decryption worker 11 - started
2026/09/16 22:34:58.917152 [Debug] proxy/wireguard: bind closed
2026/09/16 22:34:58.917154 [Debug] Routine: decryption worker 9 - started
2026/09/16 22:34:58.917155 [Debug] Routine: encryption worker 7 - started
2026/09/16 22:34:58.917156 [Debug] Routine: handshake worker 8 - started
2026/09/16 22:34:58.917158 [Debug] proxy/wireguard: bind opened
2026/09/16 22:34:58.917159 [Debug] Routine: handshake worker 9 - started
2026/09/16 22:34:58.917160 [Debug] Routine: encryption worker 12 - started
2026/09/16 22:34:58.917161 [Debug] Routine: handshake worker 12 - started
2026/09/16 22:34:58.917163 [Debug] Routine: decryption worker 12 - started
2026/09/16 22:34:58.917164 [Debug] Routine: decryption worker 7 - started
2026/09/16 22:34:58.917296 [Debug] peer(bmXO…fgyo) - UAPI: Created
2026/09/16 22:34:58.917297 [Debug] peer(bmXO…fgyo) - UAPI: Updating endpoint
2026/09/16 22:34:58.917311 [Debug] peer(bmXO…fgyo) - UAPI: Adding allowedip
2026/09/16 22:34:58.917312 [Debug] peer(bmXO…fgyo) - UAPI: Adding allowedip
2026/09/16 22:34:58.917315 [Debug] peer(bmXO…fgyo) - UAPI: Updating persistent keepalive interval
2026/09/16 22:34:58.917316 [Debug] peer(bmXO…fgyo) - Starting
2026/09/16 22:34:58.917317 [Debug] peer(bmXO…fgyo) - Sending keepalive packet
2026/09/16 22:34:58.917318 [Debug] peer(bmXO…fgyo) - Sending handshake initiation
2026/09/16 22:34:58.917330 [Debug] UDP bind has been updated
2026/09/16 22:34:58.917342 [Debug] Routine: receive incoming Open - started
2026/09/16 22:34:58.917348 [Debug] Routine: receive incoming Open - started
2026/09/16 22:34:58.917358 [Debug] Routine: receive incoming Open - started
2026/09/16 22:34:58.917365 [Debug] Routine: receive incoming Open - started
2026/09/16 22:34:58.917368 [Debug] peer(bmXO…fgyo) - Routine: sequential sender - started
2026/09/16 22:34:58.917375 [Debug] Routine: receive incoming Open - started
2026/09/16 22:34:58.917377 [Debug] Routine: receive incoming Open - started
2026/09/16 22:34:58.917378 [Debug] Routine: receive incoming Open - started
2026/09/16 22:34:58.917380 [Debug] Routine: receive incoming Open - started
2026/09/16 22:34:58.917381 [Debug] Routine: receive incoming Open - started
2026/09/16 22:34:58.917383 [Debug] Routine: receive incoming Open - started
2026/09/16 22:34:58.917384 [Debug] Routine: receive incoming Open - started
2026/09/16 22:34:58.917439 [Debug] peer(bmXO…fgyo) - Routine: sequential receiver - started
2026/09/16 22:34:58.917864 [Debug] transport/internet/udp: dispatch request to: udp:1.1.1.1:53
2026/09/16 22:34:58.917868 [Info] transport/internet/udp: establishing new connection for udp:1.1.1.1:53
2026/09/16 22:34:58.917880 [Debug] Routine: receive incoming Open - started
2026/09/16 22:34:58.917892 [Debug] transport/internet/udp: dispatch request to: udp:1.1.1.1:53
2026/09/16 22:34:59.045052 [Debug] peer(bmXO…fgyo) - Received handshake response
2026/09/16 22:35:00.239742 [Debug] transport/internet/udp: dispatch request to: udp:1.1.1.1:53
2026/09/16 22:35:00.239744 [Debug] transport/internet/udp: dispatch request to: udp:1.1.1.1:53
2026/09/16 22:35:01.643431 [Debug] app/log: Logger closing
