# NOTE: log filtered for publication — only Xray startup and WireGuard transport/handshake events are kept.
# Проверка на домашнем WiFi, вариант B — старый SIP-профиль: 8.6.112.7:946 + MTU 1420
# Отчёт прогона: results/wifi-report.txt
Xray 26.3.27 (Xray, Penetrates Everything.) d2758a0 (go1.26.1 linux/amd64)
A unified platform for anti-censorship.
2026/09/16 21:21:31.822682 [Info] infra/conf/serial: Reading config: &{Name:/tmp/wifi-B.json Format:json}
2026/09/16 21:21:31.823781 [Debug] app/log: Logger started
2026/09/16 21:21:31.827147 [Info] transport/internet/tcp: listening TCP on 127.0.0.1:10809
2026/09/16 21:21:31.827159 [Info] transport/internet/tcp: listening TCP on 127.0.0.1:10808
2026/09/16 21:21:31.827212 [Info] transport/internet/udp: listening UDP on 127.0.0.1:10808
2026/09/16 21:21:31.827280 [Warning] core: Xray 26.3.27 started
2026/09/16 21:21:36.822610 [Warning] proxy/wireguard: Using gVisor TUN. Kernel TUN is not supported on your OS, or your permission is insufficient.
2026/09/16 21:21:36.823049 [Debug] UAPI: Updating private key
2026/09/16 21:21:36.823050 [Debug] Routine: decryption worker 9 - started
2026/09/16 21:21:36.823051 [Debug] Routine: encryption worker 6 - started
2026/09/16 21:21:36.823052 [Debug] Routine: decryption worker 6 - started
2026/09/16 21:21:36.823052 [Debug] Routine: handshake worker 5 - started
2026/09/16 21:21:36.823053 [Debug] Routine: handshake worker 6 - started
2026/09/16 21:21:36.823054 [Debug] Routine: encryption worker 7 - started
2026/09/16 21:21:36.823055 [Debug] Routine: decryption worker 7 - started
2026/09/16 21:21:36.823056 [Debug] Routine: handshake worker 7 - started
2026/09/16 21:21:36.823056 [Debug] Routine: encryption worker 8 - started
2026/09/16 21:21:36.823057 [Debug] Routine: decryption worker 8 - started
2026/09/16 21:21:36.823058 [Debug] Routine: handshake worker 8 - started
2026/09/16 21:21:36.823059 [Debug] Routine: encryption worker 9 - started
2026/09/16 21:21:36.823059 [Debug] Routine: encryption worker 1 - started
2026/09/16 21:21:36.823060 [Debug] Routine: decryption worker 3 - started
2026/09/16 21:21:36.823061 [Debug] Routine: decryption worker 1 - started
2026/09/16 21:21:36.823062 [Debug] Routine: handshake worker 3 - started
2026/09/16 21:21:36.823063 [Debug] Routine: handshake worker 1 - started
2026/09/16 21:21:36.823064 [Debug] Routine: encryption worker 4 - started
2026/09/16 21:21:36.823065 [Debug] Routine: encryption worker 2 - started
2026/09/16 21:21:36.823066 [Debug] Routine: decryption worker 2 - started
2026/09/16 21:21:36.823067 [Debug] Routine: decryption worker 4 - started
2026/09/16 21:21:36.823068 [Debug] Routine: handshake worker 2 - started
2026/09/16 21:21:36.823069 [Debug] Routine: encryption worker 3 - started
2026/09/16 21:21:36.823070 [Debug] Routine: handshake worker 4 - started
2026/09/16 21:21:36.823071 [Debug] Routine: encryption worker 5 - started
2026/09/16 21:21:36.823072 [Debug] Routine: decryption worker 11 - started
2026/09/16 21:21:36.823073 [Debug] Routine: decryption worker 5 - started
2026/09/16 21:21:36.823073 [Debug] Routine: handshake worker 9 - started
2026/09/16 21:21:36.823074 [Debug] Routine: handshake worker 10 - started
2026/09/16 21:21:36.823075 [Debug] Routine: decryption worker 10 - started
2026/09/16 21:21:36.823080 [Debug] Routine: encryption worker 11 - started
2026/09/16 21:21:36.823081 [Debug] Routine: decryption worker 12 - started
2026/09/16 21:21:36.823082 [Debug] Routine: encryption worker 10 - started
2026/09/16 21:21:36.823083 [Debug] Routine: handshake worker 11 - started
2026/09/16 21:21:36.823084 [Debug] Routine: encryption worker 12 - started
2026/09/16 21:21:36.823085 [Debug] Routine: TUN reader - started
2026/09/16 21:21:36.823085 [Debug] Routine: handshake worker 12 - started
2026/09/16 21:21:36.823086 [Debug] Routine: event worker - started
2026/09/16 21:21:36.823087 [Debug] Interface up requested
2026/09/16 21:21:36.823088 [Debug] proxy/wireguard: bind closed
2026/09/16 21:21:36.823089 [Debug] proxy/wireguard: bind opened
2026/09/16 21:21:36.823091 [Debug] Routine: receive incoming Open - started
2026/09/16 21:21:36.823092 [Debug] Routine: receive incoming Open - started
2026/09/16 21:21:36.823099 [Debug] Routine: receive incoming Open - started
2026/09/16 21:21:36.823100 [Debug] Routine: receive incoming Open - started
2026/09/16 21:21:36.823101 [Debug] Routine: receive incoming Open - started
2026/09/16 21:21:36.823102 [Debug] Routine: receive incoming Open - started
2026/09/16 21:21:36.823102 [Debug] Routine: receive incoming Open - started
2026/09/16 21:21:36.823103 [Debug] Routine: receive incoming Open - started
2026/09/16 21:21:36.823104 [Debug] Routine: receive incoming Open - started
2026/09/16 21:21:36.823104 [Debug] Routine: receive incoming Open - started
2026/09/16 21:21:36.823105 [Debug] Routine: receive incoming Open - started
2026/09/16 21:21:36.823118 [Debug] Routine: receive incoming Open - started
2026/09/16 21:21:36.823281 [Debug] peer(bmXO…fgyo) - UAPI: Created
2026/09/16 21:21:36.823284 [Debug] peer(bmXO…fgyo) - UAPI: Updating endpoint
2026/09/16 21:21:36.823286 [Debug] peer(bmXO…fgyo) - UAPI: Adding allowedip
2026/09/16 21:21:36.823288 [Debug] peer(bmXO…fgyo) - UAPI: Adding allowedip
2026/09/16 21:21:36.823289 [Debug] peer(bmXO…fgyo) - Starting
2026/09/16 21:21:36.823291 [Debug] Interface state was Down, requested Up, now Up
2026/09/16 21:21:36.823320 [Debug] peer(bmXO…fgyo) - Routine: sequential receiver - started
2026/09/16 21:21:36.823324 [Debug] peer(bmXO…fgyo) - Routine: sequential sender - started
2026/09/16 21:21:36.823530 [Debug] peer(bmXO…fgyo) - Sending handshake initiation
2026/09/16 21:21:37.030542 [Debug] peer(bmXO…fgyo) - Received handshake response
2026/09/16 21:21:37.268347 [Debug] app/log: Logger closing
