# NOTE: log filtered for publication — only Xray startup and WireGuard transport/handshake events are kept.
# Проверка на домашнем WiFi, вариант A — прод-профиль: QUIC I1 + 162.159.192.1:500 + MTU 1280 (+ стабильность 100 с)
# Отчёт прогона: results/wifi-report.txt
Xray 26.3.27 (Xray, Penetrates Everything.) d2758a0 (go1.26.1 linux/amd64)
A unified platform for anti-censorship.
2026/09/16 21:19:43.293810 [Info] infra/conf/serial: Reading config: &{Name:/tmp/wifi-A.json Format:json}
2026/09/16 21:19:43.294872 [Debug] app/log: Logger started
2026/09/16 21:19:43.298534 [Info] transport/internet/tcp: listening TCP on 127.0.0.1:10808
2026/09/16 21:19:43.298552 [Info] transport/internet/udp: listening UDP on 127.0.0.1:10808
2026/09/16 21:19:43.298695 [Info] transport/internet/tcp: listening TCP on 127.0.0.1:10809
2026/09/16 21:19:43.298705 [Warning] core: Xray 26.3.27 started
2026/09/16 21:19:48.294054 [Warning] proxy/wireguard: Using gVisor TUN. Kernel TUN is not supported on your OS, or your permission is insufficient.
2026/09/16 21:19:48.294461 [Debug] UAPI: Updating private key
2026/09/16 21:19:48.294463 [Debug] Routine: encryption worker 6 - started
2026/09/16 21:19:48.294464 [Debug] Routine: handshake worker 7 - started
2026/09/16 21:19:48.294465 [Debug] Routine: encryption worker 7 - started
2026/09/16 21:19:48.294467 [Debug] Routine: decryption worker 7 - started
2026/09/16 21:19:48.294468 [Debug] Routine: decryption worker 6 - started
2026/09/16 21:19:48.294469 [Debug] Routine: encryption worker 1 - started
2026/09/16 21:19:48.294469 [Debug] Routine: handshake worker 9 - started
2026/09/16 21:19:48.294470 [Debug] Routine: decryption worker 1 - started
2026/09/16 21:19:48.294471 [Debug] Routine: handshake worker 1 - started
2026/09/16 21:19:48.294471 [Debug] Routine: handshake worker 11 - started
2026/09/16 21:19:48.294472 [Debug] Routine: encryption worker 8 - started
2026/09/16 21:19:48.294473 [Debug] Routine: encryption worker 10 - started
2026/09/16 21:19:48.294473 [Debug] Routine: encryption worker 2 - started
2026/09/16 21:19:48.294474 [Debug] Routine: handshake worker 6 - started
2026/09/16 21:19:48.294475 [Debug] Routine: decryption worker 10 - started
2026/09/16 21:19:48.294476 [Debug] Routine: decryption worker 8 - started
2026/09/16 21:19:48.294476 [Debug] Routine: decryption worker 2 - started
2026/09/16 21:19:48.294477 [Debug] Routine: handshake worker 10 - started
2026/09/16 21:19:48.294478 [Debug] Routine: handshake worker 12 - started
2026/09/16 21:19:48.294478 [Debug] Routine: handshake worker 2 - started
2026/09/16 21:19:48.294479 [Debug] Routine: handshake worker 8 - started
2026/09/16 21:19:48.294480 [Debug] Routine: encryption worker 12 - started
2026/09/16 21:19:48.294480 [Debug] Routine: encryption worker 3 - started
2026/09/16 21:19:48.294481 [Debug] Routine: decryption worker 12 - started
2026/09/16 21:19:48.294482 [Debug] Routine: encryption worker 11 - started
2026/09/16 21:19:48.294482 [Debug] Routine: decryption worker 11 - started
2026/09/16 21:19:48.294483 [Debug] Routine: handshake worker 4 - started
2026/09/16 21:19:48.294484 [Debug] Routine: handshake worker 3 - started
2026/09/16 21:19:48.294484 [Debug] Routine: encryption worker 4 - started
2026/09/16 21:19:48.294485 [Debug] Routine: TUN reader - started
2026/09/16 21:19:48.294489 [Debug] Routine: decryption worker 4 - started
2026/09/16 21:19:48.294491 [Debug] Routine: encryption worker 9 - started
2026/09/16 21:19:48.294491 [Debug] Routine: event worker - started
2026/09/16 21:19:48.294492 [Debug] Interface up requested
2026/09/16 21:19:48.294493 [Debug] Routine: decryption worker 9 - started
2026/09/16 21:19:48.294494 [Debug] Routine: encryption worker 5 - started
2026/09/16 21:19:48.294494 [Debug] Routine: decryption worker 3 - started
2026/09/16 21:19:48.294496 [Debug] proxy/wireguard: bind closed
2026/09/16 21:19:48.294496 [Debug] Routine: handshake worker 5 - started
2026/09/16 21:19:48.294497 [Debug] proxy/wireguard: bind opened
2026/09/16 21:19:48.294498 [Debug] Routine: decryption worker 5 - started
2026/09/16 21:19:48.294499 [Debug] Routine: receive incoming Open - started
2026/09/16 21:19:48.294500 [Debug] Routine: receive incoming Open - started
2026/09/16 21:19:48.294500 [Debug] Routine: receive incoming Open - started
2026/09/16 21:19:48.294501 [Debug] Routine: receive incoming Open - started
2026/09/16 21:19:48.294502 [Debug] Routine: receive incoming Open - started
2026/09/16 21:19:48.294502 [Debug] Routine: receive incoming Open - started
2026/09/16 21:19:48.294503 [Debug] Routine: receive incoming Open - started
2026/09/16 21:19:48.294504 [Debug] Routine: receive incoming Open - started
2026/09/16 21:19:48.294504 [Debug] Routine: receive incoming Open - started
2026/09/16 21:19:48.294505 [Debug] Routine: receive incoming Open - started
2026/09/16 21:19:48.294506 [Debug] Routine: receive incoming Open - started
2026/09/16 21:19:48.294506 [Debug] Routine: receive incoming Open - started
2026/09/16 21:19:48.294606 [Debug] peer(bmXO…fgyo) - UAPI: Created
2026/09/16 21:19:48.294617 [Debug] peer(bmXO…fgyo) - UAPI: Updating endpoint
2026/09/16 21:19:48.294618 [Debug] peer(bmXO…fgyo) - UAPI: Adding allowedip
2026/09/16 21:19:48.294619 [Debug] peer(bmXO…fgyo) - UAPI: Adding allowedip
2026/09/16 21:19:48.294620 [Debug] peer(bmXO…fgyo) - UAPI: Updating persistent keepalive interval
2026/09/16 21:19:48.294620 [Debug] peer(bmXO…fgyo) - Starting
2026/09/16 21:19:48.294621 [Debug] peer(bmXO…fgyo) - Sending keepalive packet
2026/09/16 21:19:48.294622 [Debug] peer(bmXO…fgyo) - Sending handshake initiation
2026/09/16 21:19:48.294623 [Debug] peer(bmXO…fgyo) - Routine: sequential sender - started
2026/09/16 21:19:48.294677 [Debug] Interface state was Down, requested Up, now Up
2026/09/16 21:19:48.294685 [Debug] peer(bmXO…fgyo) - Routine: sequential receiver - started
2026/09/16 21:19:48.444190 [Debug] peer(bmXO…fgyo) - Received handshake response
2026/09/16 21:19:53.759668 [Debug] peer(bmXO…fgyo) - Sending keepalive packet
2026/09/16 21:19:58.764533 [Debug] peer(bmXO…fgyo) - Sending keepalive packet
2026/09/16 21:20:03.765404 [Debug] peer(bmXO…fgyo) - Sending keepalive packet
2026/09/16 21:20:13.949966 [Debug] peer(bmXO…fgyo) - Sending keepalive packet
2026/09/16 21:20:18.950695 [Debug] peer(bmXO…fgyo) - Sending keepalive packet
2026/09/16 21:20:23.955827 [Debug] peer(bmXO…fgyo) - Sending keepalive packet
2026/09/16 21:20:34.169259 [Debug] peer(bmXO…fgyo) - Sending keepalive packet
2026/09/16 21:20:39.169409 [Debug] peer(bmXO…fgyo) - Sending keepalive packet
2026/09/16 21:20:44.170109 [Debug] peer(bmXO…fgyo) - Sending keepalive packet
2026/09/16 21:20:54.392975 [Debug] peer(bmXO…fgyo) - Sending keepalive packet
2026/09/16 21:20:59.394803 [Debug] peer(bmXO…fgyo) - Sending keepalive packet
2026/09/16 21:21:04.399495 [Debug] peer(bmXO…fgyo) - Sending keepalive packet
2026/09/16 21:21:14.626334 [Debug] peer(bmXO…fgyo) - Sending keepalive packet
2026/09/16 21:21:19.630334 [Debug] peer(bmXO…fgyo) - Sending keepalive packet
2026/09/16 21:21:24.635065 [Debug] peer(bmXO…fgyo) - Sending keepalive packet
